// Jest Snapshot v1, https://goo.gl/fbAQLP

exports[`Renders App component: loading = false 1`] = `
<div
  className={undefined}
>
  <div
    className="card"
  >
    <div
      className="card-header"
    />
    <div
      className="card-body"
    >
      <div
        className="row"
      >
        <div
          className="col-lg-3 col-12"
        >
          <img
            alt={undefined}
            className="img-thumbnail"
            src="path.extension"
          />
        </div>
        <div
          className="col-lg-9 col-12"
        >
          <div
            className="card-title h5"
          >
            Description
          </div>
          <p
            className="card-text"
          >
            N/A
          </p>
        </div>
      </div>
    </div>
  </div>
</div>
`;

exports[`Renders App component: loading = true 1`] = `
<div
  className={undefined}
>
  <div
    className={undefined}
  >
    <div />
    <div />
    <div />
    <div />
  </div>
</div>
`;
