// Jest Snapshot v1, https://goo.gl/fbAQLP

exports[`Renders Spinner component 1`] = `
<div
  className={undefined}
>
  <div
    className={undefined}
  >
    <div />
    <div />
    <div />
    <div />
  </div>
</div>
`;
